#-----------------------------------------------------------
# Vivado v2017.4 (64-bit)
# SW Build 2086221 on Fri Dec 15 20:55:39 MST 2017
# IP Build 2085800 on Fri Dec 15 22:25:07 MST 2017
# Start of session at: Thu Apr 19 15:16:50 2018
# Process ID: 10328
# Current directory: C:/Users/Iulia/Desktop/TDC
# Command line: vivado.exe -gui_launcher_event rodinguilauncherevent6300 C:\Users\Iulia\Desktop\TDC\tdc.xpr
# Log file: C:/Users/Iulia/Desktop/TDC/vivado.log
# Journal file: C:/Users/Iulia/Desktop/TDC\vivado.jou
#-----------------------------------------------------------
start_gui
open_project C:/Users/Iulia/Desktop/TDC/tdc.xpr
update_compile_order -fileset sources_1
# Disabling source management mode.  This is to allow the top design properties to be set without GUI intervention.
set_property source_mgmt_mode None [current_project]
set_property top test_pe_Nbit [get_filesets sim_1]
set_property top_lib xil_defaultlib [get_filesets sim_1]
# Re-enabling previously disabled source management mode.
set_property source_mgmt_mode All [current_project]
update_compile_order -fileset sim_1
launch_simulation
source test_pe_Nbit.tcl
relaunch_sim
relaunch_sim
restart
run 10 ns
# Disabling source management mode.  This is to allow the top design properties to be set without GUI intervention.
set_property source_mgmt_mode None [current_project]
set_property top test_encoders [get_filesets sim_1]
set_property top_lib xil_defaultlib [get_filesets sim_1]
# Re-enabling previously disabled source management mode.
set_property source_mgmt_mode All [current_project]
update_compile_order -fileset sim_1
launch_simulation
launch_simulation
source test_encoders.tcl
restart
run 10 ns
run 10 ns
add_wave {{/test_encoders/encoder1/nor4_gate1}} 
restart
run 10 ns
add_wave {{/test_encoders/encoder1/and_gate1}} 
restart
run 10 ns
relaunch_sim
relaunch_sim
relaunch_sim
relaunch_sim
add_wave {{/test_encoders/GS1}} 
restart
run 10 ns
relaunch_sim
add_wave {{/test_encoders/EO1}} 
restart
run 10 ns
restart
run 10 ns
relaunch_sim
restart
run 10 ns
run 10 ns
relaunch_sim
restart
run 10 ns
relaunch_sim
relaunch_sim
restart
run 10 ns
relaunch_sim
relaunch_sim
restart
relaunch_sim
add_wave {{/test_encoders/GS2}} 
add_wave {{/test_encoders/EO2}} 
restart
run all
restart
run 10 ns
add_wave {{/test_encoders/encoder2/encoder9}} 
restart
run 10 ns
close_sim
close_sim
