#-----------------------------------------------------------
# Vivado v2017.4 (64-bit)
# SW Build 2086221 on Fri Dec 15 20:55:39 MST 2017
# IP Build 2085800 on Fri Dec 15 22:25:07 MST 2017
# Start of session at: Fri Apr 27 13:23:43 2018
# Process ID: 8300
# Current directory: C:/Users/Iulia/Desktop/TDC
# Command line: vivado.exe -gui_launcher_event rodinguilauncherevent10080 C:\Users\Iulia\Desktop\TDC\tdc.xpr
# Log file: C:/Users/Iulia/Desktop/TDC/vivado.log
# Journal file: C:/Users/Iulia/Desktop/TDC\vivado.jou
#-----------------------------------------------------------
start_gui
open_project C:/Users/Iulia/Desktop/TDC/tdc.xpr
update_compile_order -fileset sources_1
launch_simulation
source test_encoders.tcl
close_sim
launch_simulation
source test_encoders.tcl
restart
run 1 us
run 1 us
run 1 us
run 1 us
run 1 us
run 1 us
run 1 us
run 1 us
run 1 us
run 1 us
run 1 us
run 1 us
run 1 us
run 1 us
run 1 us
run 1 us
run 1 us
relaunch_sim
relaunch_sim
restart
run 1 us
run 1 us
run 1 us
run 1 us
run 1 us
run 1 us
close [ open C:/Users/Iulia/Desktop/TDC/tdc.srcs/sources_1/new/nand4_gate.vhd w ]
add_files C:/Users/Iulia/Desktop/TDC/tdc.srcs/sources_1/new/nand4_gate.vhd
update_compile_order -fileset sources_1
relaunch_sim
close_sim
launch_simulation
launch_simulation
launch_simulation
source test_encoders.tcl
restart
run 1 us
run 1 us
run 1 us
run 1 us
run 1 us
run 1 us
relaunch_sim
relaunch_sim
close_sim
