#-----------------------------------------------------------
# Vivado v2017.3 (64-bit)
# SW Build 2018833 on Wed Oct  4 19:58:22 MDT 2017
# IP Build 2016188 on Wed Oct  4 21:52:56 MDT 2017
# Start of session at: Wed Mar 14 13:06:43 2018
# Process ID: 4716
# Current directory: C:/Users/Iulia/Desktop/repository/vivado
# Command line: vivado.exe -gui_launcher_event rodinguilauncherevent2744 C:\Users\Iulia\Desktop\repository\vivado\naposip.xpr
# Log file: C:/Users/Iulia/Desktop/repository/vivado/vivado.log
# Journal file: C:/Users/Iulia/Desktop/repository/vivado\vivado.jou
#-----------------------------------------------------------
start_gui
open_project C:/Users/Iulia/Desktop/repository/vivado/naposip.xpr
update_compile_order -fileset sources_1
save_project_as tdc C:/Users/Iulia/Desktop/repository/vivado/tdc -force
close [ open C:/Users/Iulia/Desktop/repository/vivado/tdc/tdc.srcs/sources_1/new/pr_encoder_2bit.vhd w ]
add_files C:/Users/Iulia/Desktop/repository/vivado/tdc/tdc.srcs/sources_1/new/pr_encoder_2bit.vhd
update_compile_order -fileset sources_1
close [ open C:/Users/Iulia/Desktop/repository/vivado/tdc/tdc.srcs/sources_1/new/pr_encoder_4bit.vhd w ]
add_files C:/Users/Iulia/Desktop/repository/vivado/tdc/tdc.srcs/sources_1/new/pr_encoder_4bit.vhd
update_compile_order -fileset sources_1
close [ open C:/Users/Iulia/Desktop/repository/vivado/tdc/tdc.srcs/sources_1/new/or3_gate.vhd w ]
add_files C:/Users/Iulia/Desktop/repository/vivado/tdc/tdc.srcs/sources_1/new/or3_gate.vhd
update_compile_order -fileset sources_1
close [ open C:/Users/Iulia/Desktop/repository/vivado/tdc/tdc.srcs/sources_1/new/and3_gate.vhd w ]
add_files C:/Users/Iulia/Desktop/repository/vivado/tdc/tdc.srcs/sources_1/new/and3_gate.vhd
update_compile_order -fileset sources_1
close [ open C:/Users/Iulia/Desktop/repository/vivado/tdc/tdc.srcs/sources_1/new/and4_gate.vhd w ]
add_files C:/Users/Iulia/Desktop/repository/vivado/tdc/tdc.srcs/sources_1/new/and4_gate.vhd
update_compile_order -fileset sources_1
close [ open C:/Users/Iulia/Desktop/repository/vivado/tdc/tdc.srcs/sources_1/new/and5_gate.vhd w ]
add_files C:/Users/Iulia/Desktop/repository/vivado/tdc/tdc.srcs/sources_1/new/and5_gate.vhd
update_compile_order -fileset sources_1
close [ open C:/Users/Iulia/Desktop/repository/vivado/tdc/tdc.srcs/sources_1/new/nand9_gate.vhd w ]
add_files C:/Users/Iulia/Desktop/repository/vivado/tdc/tdc.srcs/sources_1/new/nand9_gate.vhd
update_compile_order -fileset sources_1
close [ open C:/Users/Iulia/Desktop/repository/vivado/tdc/tdc.srcs/sources_1/new/nor4_gate.vhd w ]
add_files C:/Users/Iulia/Desktop/repository/vivado/tdc/tdc.srcs/sources_1/new/nor4_gate.vhd
update_compile_order -fileset sources_1
